// Jest Snapshot v1, https://goo.gl/fbAQLP

exports[`App should match with snapshot 1`] = `
<div
  className="calculatorPage"
>
  <div>
    <h2>
      Let’s do some math!
    </h2>
  </div>
  <div
    className="calculatorApp"
  >
    <div
      className="display"
    >
      0
    </div>
    <div
      className="panel"
    >
      <div
        className="row"
      >
        <div
          aria-hidden="true"
          className="button"
          onClick={[Function]}
          role="button"
        >
          AC
        </div>
        <div
          aria-hidden="true"
          className="button"
          onClick={[Function]}
          role="button"
        >
          +/-
        </div>
        <div
          aria-hidden="true"
          className="button"
          onClick={[Function]}
          role="button"
        >
          %
        </div>
        <div
          aria-hidden="true"
          className="button"
          onClick={[Function]}
          role="button"
        >
          ÷
        </div>
      </div>
      <div
        className="row"
      >
        <div
          aria-hidden="true"
          className="button"
          onClick={[Function]}
          role="button"
        >
          7
        </div>
        <div
          aria-hidden="true"
          className="button"
          onClick={[Function]}
          role="button"
        >
          8
        </div>
        <div
          aria-hidden="true"
          className="button"
          onClick={[Function]}
          role="button"
        >
          9
        </div>
        <div
          aria-hidden="true"
          className="button"
          onClick={[Function]}
          role="button"
        >
          x
        </div>
      </div>
      <div
        className="row"
      >
        <div
          aria-hidden="true"
          className="button"
          onClick={[Function]}
          role="button"
        >
          4
        </div>
        <div
          aria-hidden="true"
          className="button"
          onClick={[Function]}
          role="button"
        >
          5
        </div>
        <div
          aria-hidden="true"
          className="button"
          onClick={[Function]}
          role="button"
        >
          6
        </div>
        <div
          aria-hidden="true"
          className="button"
          onClick={[Function]}
          role="button"
        >
          -
        </div>
      </div>
      <div
        className="row"
      >
        <div
          aria-hidden="true"
          className="button"
          onClick={[Function]}
          role="button"
        >
          1
        </div>
        <div
          aria-hidden="true"
          className="button"
          onClick={[Function]}
          role="button"
        >
          2
        </div>
        <div
          aria-hidden="true"
          className="button"
          onClick={[Function]}
          role="button"
        >
          3
        </div>
        <div
          aria-hidden="true"
          className="button"
          onClick={[Function]}
          role="button"
        >
          +
        </div>
      </div>
      <div
        className="row"
      >
        <div
          aria-hidden="true"
          className="button"
          onClick={[Function]}
          role="button"
        >
          0
        </div>
        <div
          aria-hidden="true"
          className="button"
          onClick={[Function]}
          role="button"
        >
          .
        </div>
        <div
          aria-hidden="true"
          className="button"
          onClick={[Function]}
          role="button"
        >
          =
        </div>
      </div>
    </div>
  </div>
</div>
`;
